// Jest Snapshot v1, https://goo.gl/fbAQLP

exports[`Probando el GifGrid debe mostrarse correctamente 1`] = `
<Fragment>
  <h3
    className="animate__animated animate__fadeIn"
  >
    One Punch
  </h3>
  <p>
    Cargando...
  </p>
  <div
    className="card-grid"
  />
</Fragment>
`;
